==============================================================================
testlib.lua
==============================================================================
 2 local a = 1
 2 local b = 2

 2 local lib = {}

 2 function lib.f1()
 2    local c = 3
 2    return 4
   end

 2 function lib.f2()
 3    local d = 5
 3    return 6
   end

 2 return lib

==============================================================================
Summary
==============================================================================

File        Hits Missed Coverage
--------------------------------
testlib.lua 10   0      100.00%
--------------------------------
Total       10   0      100.00%
